mode: set
test\defer\defer.go:17.18,18.15 1 0
test\defer\defer.go:23.2,23.12 1 0
test\defer\defer.go:18.15,19.35 1 0
test\defer\defer.go:19.35,21.4 0 0
test\defer\defer.go:26.25,28.16 2 0
test\defer\defer.go:32.2,32.12 1 0
test\defer\defer.go:28.16,31.3 1 0
test\defer\defer.go:35.13,37.23 2 0
test\defer\defer.go:45.2,45.13 1 0
test\defer\defer.go:37.23,39.17 2 0
test\defer\defer.go:42.3,43.31 2 0
test\defer\defer.go:39.17,41.4 1 0
